
> weather-duck@1.0.0 build
> npm run build:electron && npm run build:main && npm run build:web


> weather-duck@1.0.0 build:electron
> vite build --config vite.electron.config.ts

node.exe : [33mThe CJS build of Vite's Node API is deprecated. See https://vite.dev/gu
ide/troubleshooting.html#vite-cjs-node-api-deprecated for more details.[39m
所在位置 E:\Program Files\nodejs\npm.ps1:29 字符: 3
+   & $NODE_EXE $NPM_CLI_JS $args
+   ~~~~~~~~~~~~~~~~~~~~~~~~~~~~~
    + CategoryInfo          : NotSpecified: ([33mThe CJS bu...e details.[39m:String) 
    [], RemoteException
    + FullyQualifiedErrorId : NativeCommandError
 
[36mvite v5.4.20 [32mbuilding for production...[36m[39m
transforming...
[32m鉁?[39m 1695 modules transformed.
rendering chunks...
computing gzip size...
[2m../dist/renderer/[22m[32mindex.html                 [39m[1m[2m  1.64 kB[22m[1m[22m[2m 鈹?gzip:  0.79 kB[22m
[2m../dist/renderer/[22m[35massets/index-VrWxVOmg.css  [39m[1m[2m 38.76 kB[22m[1m[22m[2m 鈹?gzip:  6.95 kB[22m
[2m../dist/renderer/[22m[36massets/index-ryxnHxsN.js   [39m[1m[2m247.14 kB[22m[1m[22m[2m 鈹?gzip: 80.71 kB[22m[2m 鈹?map: 921.38 kB[22m
[32m鉁?built in 3.19s[39m

> weather-duck@1.0.0 build:main
> tsc -p tsconfig.electron.json --outDir dist/main

src-electron/App.tsx(1,8): error TS1259: Module '"E:/trae/WeatherDuck/node_modules/@types/react/index"' can only be default-imported using the 'esModuleInterop' flag
src-electron/App.tsx(10,5): error TS17004: Cannot use JSX unless the '--jsx' flag is provided.
src-electron/App.tsx(11,7): error TS17004: Cannot use JSX unless the '--jsx' flag is provided.
src-electron/App.tsx(13,9): error TS17004: Cannot use JSX unless the '--jsx' flag is provided.
src-electron/App.tsx(19,11): error TS17004: Cannot use JSX unless the '--jsx' flag is provided.
src-electron/App.tsx(20,13): error TS17004: Cannot use JSX unless the '--jsx' flag is provided.
src-electron/App.tsx(21,13): error TS17004: Cannot use JSX unless the '--jsx' flag is provided.
src-electron/App.tsx(23,11): error TS17004: Cannot use JSX unless the '--jsx' flag is provided.
src-electron/App.tsx(27,9): error TS17004: Cannot use JSX unless the '--jsx' flag is provided.
src-electron/App.tsx(33,11): error TS17004: Cannot use JSX unless the '--jsx' flag is provided.
src-electron/App.tsx(34,13): error TS17004: Cannot use JSX unless the '--jsx' flag is provided.
src-electron/App.tsx(44,13): error TS17004: Cannot use JSX unless the '--jsx' flag is provided.
src-electron/App.tsx(58,9): error TS17004: Cannot use JSX unless the '--jsx' flag is provided.
src-electron/App.tsx(65,13): error TS17004: Cannot use JSX unless the '--jsx' flag is provided.
src-electron/App.tsx(66,15): error TS17004: Cannot use JSX unless the '--jsx' flag is provided.
src-electron/App.tsx(67,17): error TS17004: Cannot use JSX unless the '--jsx' flag is provided.
src-electron/App.tsx(68,17): error TS17004: Cannot use JSX unless the '--jsx' flag is provided.
src-electron/App.tsx(69,17): error TS17004: Cannot use JSX unless the '--jsx' flag is provided.
src-electron/App.tsx(70,17): error TS17004: Cannot use JSX unless the '--jsx' flag is provided.
src-electron/App.tsx(71,17): error TS17004: Cannot use JSX unless the '--jsx' flag is provided.
src-electron/App.tsx(72,19): error TS17004: Cannot use JSX unless the '--jsx' flag is provided.
src-electron/App.tsx(73,21): error TS17004: Cannot use JSX unless the '--jsx' flag is provided.
src-electron/App.tsx(74,21): error TS17004: Cannot use JSX unless the '--jsx' flag is provided.
src-electron/App.tsx(75,21): error TS17004: Cannot use JSX unless the '--jsx' flag is provided.
src-electron/App.tsx(77,19): error TS17004: Cannot use JSX unless the '--jsx' flag is provided.
src-electron/App.tsx(78,21): error TS17004: Cannot use JSX unless the '--jsx' flag is provided.
src-electron/App.tsx(81,21): error TS17004: Cannot use JSX unless the '--jsx' flag is provided.
src-electron/App.tsx(82,21): error TS17004: Cannot use JSX unless the '--jsx' flag is provided.
src-electron/App.tsx(84,19): error TS17004: Cannot use JSX unless the '--jsx' flag is provided.
src-electron/App.tsx(85,21): error TS17004: Cannot use JSX unless the '--jsx' flag is provided.
src-electron/App.tsx(88,21): error TS17004: Cannot use JSX unless the '--jsx' flag is provided.
src-electron/App.tsx(89,21): error TS17004: Cannot use JSX unless the '--jsx' flag is provided.
src-electron/App.tsx(97,13): error TS17004: Cannot use JSX unless the '--jsx' flag is provided.
src-electron/App.tsx(98,15): error TS17004: Cannot use JSX unless the '--jsx' flag is provided.
src-electron/App.tsx(99,15): error TS17004: Cannot use JSX unless the '--jsx' flag is provided.
src-electron/App.tsx(100,17): error TS17004: Cannot use JSX unless the '--jsx' flag is provided.
src-electron/App.tsx(101,19): error TS17004: Cannot use JSX unless the '--jsx' flag is provided.
src-electron/App.tsx(102,19): error TS17004: Cannot use JSX unless the '--jsx' flag is provided.
src-electron/App.tsx(103,21): error TS17004: Cannot use JSX unless the '--jsx' flag is provided.
src-electron/App.tsx(104,21): error TS17004: Cannot use JSX unless the '--jsx' flag is provided.
src-electron/App.tsx(107,17): error TS17004: Cannot use JSX unless the '--jsx' flag is provided.
src-electron/App.tsx(108,19): error TS17004: Cannot use JSX unless the '--jsx' flag is provided.
src-electron/App.tsx(109,19): error TS17004: Cannot use JSX unless the '--jsx' flag is provided.
src-electron/App.tsx(111,17): error TS17004: Cannot use JSX unless the '--jsx' flag is provided.
src-electron/App.tsx(112,19): error TS17004: Cannot use JSX unless the '--jsx' flag is provided.
src-electron/App.tsx(113,19): error TS17004: Cannot use JSX unless the '--jsx' flag is provided.
src-electron/index.tsx(1,8): error TS1259: Module '"E:/trae/WeatherDuck/node_modules/@types/react/index"' can only be default-imported using the 'esModuleInterop' flag
src-electron/index.tsx(3,17): error TS6142: Module './App' was resolved to 'E:/trae/WeatherDuck/src-electron/App.tsx', but '--jsx' is not set.
src-electron/index.tsx(7,19): error TS2584: Cannot find name 'document'. Do you need to change your target library? Try changing the 'lib' compiler option to include 'dom'.
src-electron/index.tsx(18,3): error TS17004: Cannot use JSX unless the '--jsx' flag is provided.
src-electron/index.tsx(19,5): error TS17004: Cannot use JSX unless the '--jsx' flag is provided.
src/components/ui/Button.tsx(1,8): error TS1259: Module '"E:/trae/WeatherDuck/node_modules/@types/react/index"' can only be default-imported using the 'esModuleInterop' flag
src/components/ui/Button.tsx(18,3): error TS7031: Binding element 'children' implicitly has an 'any' type.
src/components/ui/Button.tsx(19,3): error TS7031: Binding element 'className' implicitly has an 'any' type.
src/components/ui/Button.tsx(25,3): error TS7031: Binding element 'onClick' implicitly has an 'any' type.
src/components/ui/Button.tsx(27,3): error TS7031: Binding element 'icon' implicitly has an 'any' type.
src/components/ui/Button.tsx(29,3): error TS7031: Binding element 'testId' implicitly has an 'any' type.
src/components/ui/Button.tsx(83,5): error TS7053: Element implicitly has an 'any' type because expression of type 'string' can't be used to index type '{ primary: string[]; secondary: string[]; success: string[]; warning: string[]; error: string[]; info: string[]; }'.
  No index signature with a parameter of type 'string' was found on type '{ primary: string[]; secondary: string[]; success: string[]; warning: string[]; error: string[]; info: string[]; }'.
src/components/ui/Button.tsx(84,5): error TS7053: Element implicitly has an 'any' type because expression of type 'string' can't be used to index type '{ small: string[]; medium: string[]; large: string[]; }'.
  No index signature with a parameter of type 'string' was found on type '{ small: string[]; medium: string[]; large: string[]; }'.
src/components/ui/Button.tsx(98,9): error TS17004: Cannot use JSX unless the '--jsx' flag is provided.
src/components/ui/Button.tsx(104,11): error TS17004: Cannot use JSX unless the '--jsx' flag is provided.
src/components/ui/Button.tsx(112,11): error TS17004: Cannot use JSX unless the '--jsx' flag is provided.
src/components/ui/Button.tsx(126,5): error TS17004: Cannot use JSX unless the '--jsx' flag is provided.
src/components/ui/Button.tsx(127,7): error TS2322: Type 'string' is not assignable to type '"button" | "reset" | "submit" | undefined'.
src/components/ui/Card.tsx(1,8): error TS1259: Module '"E:/trae/WeatherDuck/node_modules/@types/react/index"' can only be default-imported using the 'esModuleInterop' flag
src/components/ui/Card.tsx(11,6): error TS7031: Binding element 'className' implicitly has an 'any' type.
src/components/ui/Card.tsx(11,17): error TS7031: Binding element 'children' implicitly has an 'any' type.
src/components/ui/Card.tsx(11,76): error TS7006: Parameter 'ref' implicitly has an 'any' type.
src/components/ui/Card.tsx(13,7): error TS17004: Cannot use JSX unless the '--jsx' flag is provided.
src/components/ui/ForecastCard.tsx(1,8): error TS1259: Module '"E:/trae/WeatherDuck/node_modules/@types/react/index"' can only be default-imported using the 'esModuleInterop' flag
src/components/ui/ForecastCard.tsx(16,3): error TS7031: Binding element 'condition' implicitly has an 'any' type.
src/components/ui/ForecastCard.tsx(18,3): error TS7031: Binding element 'className' implicitly has an 'any' type.
src/components/ui/ForecastCard.tsx(21,10): error TS17004: Cannot use JSX unless the '--jsx' flag is provided.
src/components/ui/ForecastCard.tsx(22,11): error TS17004: Cannot use JSX unless the '--jsx' flag is provided.
src/components/ui/ForecastCard.tsx(23,10): error TS17004: Cannot use JSX unless the '--jsx' flag is provided.
src/components/ui/ForecastCard.tsx(24,11): error TS17004: Cannot use JSX unless the '--jsx' flag is provided.
src/components/ui/ForecastCard.tsx(25,11): error TS17004: Cannot use JSX unless the '--jsx' flag is provided.
src/components/ui/ForecastCard.tsx(26,11): error TS17004: Cannot use JSX unless the '--jsx' flag is provided.
src/components/ui/ForecastCard.tsx(27,10): error TS17004: Cannot use JSX unless the '--jsx' flag is provided.
src/components/ui/ForecastCard.tsx(30,32): error TS17004: Cannot use JSX unless the '--jsx' flag is provided.
src/components/ui/ForecastCard.tsx(37,9): error TS7031: Binding element 'day' implicitly has an 'any' type.
src/components/ui/ForecastCard.tsx(37,14): error TS7031: Binding element 'index' implicitly has an 'any' type.
src/components/ui/ForecastCard.tsx(37,21): error TS7031: Binding element 'showDetails' implicitly has an 'any' type.
src/components/ui/ForecastCard.tsx(39,5): error TS17004: Cannot use JSX unless the '--jsx' flag is provided.
src/components/ui/ForecastCard.tsx(49,7): error TS17004: Cannot use JSX unless the '--jsx' flag is provided.
src/components/ui/ForecastCard.tsx(50,9): error TS17004: Cannot use JSX unless the '--jsx' flag is provided.
src/components/ui/ForecastCard.tsx(51,9): error TS17004: Cannot use JSX unless the '--jsx' flag is provided.
src/components/ui/ForecastCard.tsx(57,7): error TS17004: Cannot use JSX unless the '--jsx' flag is provided.
src/components/ui/ForecastCard.tsx(58,9): error TS17004: Cannot use JSX unless the '--jsx' flag is provided.
src/components/ui/ForecastCard.tsx(59,9): error TS17004: Cannot use JSX unless the '--jsx' flag is provided.
src/components/ui/ForecastCard.tsx(65,7): error TS17004: Cannot use JSX unless the '--jsx' flag is provided.
src/components/ui/ForecastCard.tsx(66,9): error TS17004: Cannot use JSX unless the '--jsx' flag is provided.
src/components/ui/ForecastCard.tsx(67,11): error TS17004: Cannot use JSX unless the '--jsx' flag is provided.
src/components/ui/ForecastCard.tsx(68,11): error TS17004: Cannot use JSX unless the '--jsx' flag is provided.
src/components/ui/ForecastCard.tsx(72,9): error TS17004: Cannot use JSX unless the '--jsx' flag is provided.
src/components/ui/ForecastCard.tsx(73,11): error TS17004: Cannot use JSX unless the '--jsx' flag is provided.
src/components/ui/ForecastCard.tsx(74,11): error TS17004: Cannot use JSX unless the '--jsx' flag is provided.
src/components/ui/ForecastCard.tsx(82,9): error TS17004: Cannot use JSX unless the '--jsx' flag is provided.
src/components/ui/ForecastCard.tsx(88,11): error TS17004: Cannot use JSX unless the '--jsx' flag is provided.
src/components/ui/ForecastCard.tsx(89,13): error TS17004: Cannot use JSX unless the '--jsx' flag is provided.
src/components/ui/ForecastCard.tsx(90,15): error TS17004: Cannot use JSX unless the '--jsx' flag is provided.
src/components/ui/ForecastCard.tsx(91,15): error TS17004: Cannot use JSX unless the '--jsx' flag is provided.
src/components/ui/ForecastCard.tsx(93,13): error TS17004: Cannot use JSX unless the '--jsx' flag is provided.
src/components/ui/ForecastCard.tsx(94,15): error TS17004: Cannot use JSX unless the '--jsx' flag is provided.
src/components/ui/ForecastCard.tsx(95,15): error TS17004: Cannot use JSX unless the '--jsx' flag is provided.
src/components/ui/ForecastCard.tsx(99,11): error TS17004: Cannot use JSX unless the '--jsx' flag is provided.
src/components/ui/ForecastCard.tsx(100,13): error TS17004: Cannot use JSX unless the '--jsx' flag is provided.
src/components/ui/ForecastCard.tsx(101,15): error TS17004: Cannot use JSX unless the '--jsx' flag is provided.
src/components/ui/ForecastCard.tsx(102,15): error TS17004: Cannot use JSX unless the '--jsx' flag is provided.
src/components/ui/ForecastCard.tsx(104,13): error TS17004: Cannot use JSX unless the '--jsx' flag is provided.
src/components/ui/ForecastCard.tsx(105,15): error TS17004: Cannot use JSX unless the '--jsx' flag is provided.
src/components/ui/ForecastCard.tsx(106,15): error TS17004: Cannot use JSX unless the '--jsx' flag is provided.
src/components/ui/ForecastCard.tsx(111,13): error TS17004: Cannot use JSX unless the '--jsx' flag is provided.
src/components/ui/ForecastCard.tsx(112,15): error TS17004: Cannot use JSX unless the '--jsx' flag is provided.
src/components/ui/ForecastCard.tsx(113,17): error TS17004: Cannot use JSX unless the '--jsx' flag is provided.
src/components/ui/ForecastCard.tsx(114,17): error TS17004: Cannot use JSX unless the '--jsx' flag is provided.
src/components/ui/ForecastCard.tsx(116,15): error TS17004: Cannot use JSX unless the '--jsx' flag is provided.
src/components/ui/ForecastCard.tsx(117,17): error TS17004: Cannot use JSX unless the '--jsx' flag is provided.
src/components/ui/ForecastCard.tsx(118,17): error TS17004: Cannot use JSX unless the '--jsx' flag is provided.
src/components/ui/ForecastCard.tsx(124,13): error TS17004: Cannot use JSX unless the '--jsx' flag is provided.
src/components/ui/ForecastCard.tsx(125,15): error TS17004: Cannot use JSX unless the '--jsx' flag is provided.
src/components/ui/ForecastCard.tsx(126,15): error TS17004: Cannot use JSX unless the '--jsx' flag is provided.
src/components/ui/ForecastCard.tsx(138,3): error TS7031: Binding element 'forecast' implicitly has an 'any' type.
src/components/ui/ForecastCard.tsx(139,3): error TS7031: Binding element 'className' implicitly has an 'any' type.
src/components/ui/ForecastCard.tsx(147,7): error TS17004: Cannot use JSX unless the '--jsx' flag is provided.
src/components/ui/ForecastCard.tsx(152,9): error TS17004: Cannot use JSX unless the '--jsx' flag is provided.
src/components/ui/ForecastCard.tsx(153,11): error TS17004: Cannot use JSX unless the '--jsx' flag is provided.
src/components/ui/ForecastCard.tsx(154,11): error TS17004: Cannot use JSX unless the '--jsx' flag is provided.
src/components/ui/ForecastCard.tsx(161,5): error TS17004: Cannot use JSX unless the '--jsx' flag is provided.
src/components/ui/ForecastCard.tsx(171,7): error TS17004: Cannot use JSX unless the '--jsx' flag is provided.
src/components/ui/ForecastCard.tsx(172,9): error TS17004: Cannot use JSX unless the '--jsx' flag is provided.
src/components/ui/ForecastCard.tsx(173,11): error TS17004: Cannot use JSX unless the '--jsx' flag is provided.
src/components/ui/ForecastCard.tsx(176,9): error TS17004: Cannot use JSX unless the '--jsx' flag is provided.
src/components/ui/ForecastCard.tsx(181,7): error TS17004: Cannot use JSX unless the '--jsx' flag is provided.
src/components/ui/ForecastCard.tsx(187,31): error TS7006: Parameter 'day' implicitly has an 'any' type.
src/components/ui/ForecastCard.tsx(187,36): error TS7006: Parameter 'index' implicitly has an 'any' type.
src/components/ui/ForecastCard.tsx(188,11): error TS17004: Cannot use JSX unless the '--jsx' flag is provided.
src/components/ui/ForecastCard.tsx(198,9): error TS17004: Cannot use JSX unless the '--jsx' flag is provided.
src/components/ui/ForecastCard.tsx(199,11): error TS17004: Cannot use JSX unless the '--jsx' flag is provided.
src/components/ui/HourlyForecast.tsx(1,8): error TS1259: Module '"E:/trae/WeatherDuck/node_modules/@types/react/index"' can only be default-imported using the 'esModuleInterop' flag
src/components/ui/HourlyForecast.tsx(28,9): error TS7031: Binding element 'forecast' implicitly has an 'any' type.
src/components/ui/HourlyForecast.tsx(28,19): error TS7031: Binding element 'temperatureUnit' implicitly has an 'any' type.
src/components/ui/HourlyForecast.tsx(28,36): error TS7031: Binding element 'showDetails' implicitly has an 'any' type.
src/components/ui/HourlyForecast.tsx(33,5): error TS17004: Cannot use JSX unless the '--jsx' flag is provided.
src/components/ui/HourlyForecast.tsx(46,7): error TS17004: Cannot use JSX unless the '--jsx' flag is provided.
src/components/ui/HourlyForecast.tsx(47,9): error TS17004: Cannot use JSX unless the '--jsx' flag is provided.
src/components/ui/HourlyForecast.tsx(54,11): error TS17004: Cannot use JSX unless the '--jsx' flag is provided.
src/components/ui/HourlyForecast.tsx(64,7): error TS17004: Cannot use JSX unless the '--jsx' flag is provided.
src/components/ui/HourlyForecast.tsx(65,9): error TS17004: Cannot use JSX unless the '--jsx' flag is provided.
src/components/ui/HourlyForecast.tsx(67,13): error TS17004: Cannot use JSX unless the '--jsx' flag is provided.
src/components/ui/HourlyForecast.tsx(69,13): error TS17004: Cannot use JSX unless the '--jsx' flag is provided.
src/components/ui/HourlyForecast.tsx(73,11): error TS17004: Cannot use JSX unless the '--jsx' flag is provided.
src/components/ui/HourlyForecast.tsx(80,7): error TS17004: Cannot use JSX unless the '--jsx' flag is provided.
src/components/ui/HourlyForecast.tsx(81,9): error TS17004: Cannot use JSX unless the '--jsx' flag is provided.
src/components/ui/HourlyForecast.tsx(85,11): error TS17004: Cannot use JSX unless the '--jsx' flag is provided.
src/components/ui/HourlyForecast.tsx(92,7): error TS17004: Cannot use JSX unless the '--jsx' flag is provided.
src/components/ui/HourlyForecast.tsx(93,9): error TS17004: Cannot use JSX unless the '--jsx' flag is provided.
src/components/ui/HourlyForecast.tsx(94,9): error TS17004: Cannot use JSX unless the '--jsx' flag is provided.
src/components/ui/HourlyForecast.tsx(101,9): error TS17004: Cannot use JSX unless the '--jsx' flag is provided.
src/components/ui/HourlyForecast.tsx(103,11): error TS17004: Cannot use JSX unless the '--jsx' flag is provided.
src/components/ui/HourlyForecast.tsx(104,13): error TS17004: Cannot use JSX unless the '--jsx' flag is provided.
src/components/ui/HourlyForecast.tsx(105,15): error TS17004: Cannot use JSX unless the '--jsx' flag is provided.
src/components/ui/HourlyForecast.tsx(106,15): error TS17004: Cannot use JSX unless the '--jsx' flag is provided.
src/components/ui/HourlyForecast.tsx(108,13): error TS17004: Cannot use JSX unless the '--jsx' flag is provided.
src/components/ui/HourlyForecast.tsx(114,11): error TS17004: Cannot use JSX unless the '--jsx' flag is provided.
src/components/ui/HourlyForecast.tsx(115,13): error TS17004: Cannot use JSX unless the '--jsx' flag is provided.
src/components/ui/HourlyForecast.tsx(116,15): error TS17004: Cannot use JSX unless the '--jsx' flag is provided.
src/components/ui/HourlyForecast.tsx(117,15): error TS17004: Cannot use JSX unless the '--jsx' flag is provided.
src/components/ui/HourlyForecast.tsx(119,13): error TS17004: Cannot use JSX unless the '--jsx' flag is provided.
src/components/ui/HourlyForecast.tsx(125,11): error TS17004: Cannot use JSX unless the '--jsx' flag is provided.
src/components/ui/HourlyForecast.tsx(126,13): error TS17004: Cannot use JSX unless the '--jsx' flag is provided.
src/components/ui/HourlyForecast.tsx(127,15): error TS17004: Cannot use JSX unless the '--jsx' flag is provided.
src/components/ui/HourlyForecast.tsx(128,15): error TS17004: Cannot use JSX unless the '--jsx' flag is provided.
src/components/ui/HourlyForecast.tsx(130,13): error TS17004: Cannot use JSX unless the '--jsx' flag is provided.
src/components/ui/HourlyForecast.tsx(136,11): error TS17004: Cannot use JSX unless the '--jsx' flag is provided.
src/components/ui/HourlyForecast.tsx(137,13): error TS17004: Cannot use JSX unless the '--jsx' flag is provided.
src/components/ui/HourlyForecast.tsx(138,15): error TS17004: Cannot use JSX unless the '--jsx' flag is provided.
src/components/ui/HourlyForecast.tsx(139,15): error TS17004: Cannot use JSX unless the '--jsx' flag is provided.
src/components/ui/HourlyForecast.tsx(141,13): error TS17004: Cannot use JSX unless the '--jsx' flag is provided.
src/components/ui/HourlyForecast.tsx(147,11): error TS17004: Cannot use JSX unless the '--jsx' flag is provided.
src/components/ui/HourlyForecast.tsx(148,13): error TS17004: Cannot use JSX unless the '--jsx' flag is provided.
src/components/ui/HourlyForecast.tsx(149,15): error TS17004: Cannot use JSX unless the '--jsx' flag is provided.
src/components/ui/HourlyForecast.tsx(150,15): error TS17004: Cannot use JSX unless the '--jsx' flag is provided.
src/components/ui/HourlyForecast.tsx(152,13): error TS17004: Cannot use JSX unless the '--jsx' flag is provided.
src/components/ui/HourlyForecast.tsx(163,3): error TS7031: Binding element 'data' implicitly has an 'any' type.
src/components/ui/HourlyForecast.tsx(165,3): error TS7031: Binding element 'className' implicitly has an 'any' type.
src/components/ui/HourlyForecast.tsx(172,34): error TS2812: Property 'scrollBy' does not exist on type 'HTMLDivElement'. Try changing the 'lib' compiler option to include 'dom'.
src/components/ui/HourlyForecast.tsx(181,34): error TS2812: Property 'scrollBy' does not exist on type 'HTMLDivElement'. Try changing the 'lib' compiler option to include 'dom'.
src/components/ui/HourlyForecast.tsx(190,7): error TS17004: Cannot use JSX unless the '--jsx' flag is provided.
src/components/ui/HourlyForecast.tsx(194,9): error TS17004: Cannot use JSX unless the '--jsx' flag is provided.
src/components/ui/HourlyForecast.tsx(202,5): error TS17004: Cannot use JSX unless the '--jsx' flag is provided.
src/components/ui/HourlyForecast.tsx(207,7): error TS17004: Cannot use JSX unless the '--jsx' flag is provided.
src/components/ui/HourlyForecast.tsx(208,9): error TS17004: Cannot use JSX unless the '--jsx' flag is provided.
src/components/ui/HourlyForecast.tsx(211,9): error TS17004: Cannot use JSX unless the '--jsx' flag is provided.
src/components/ui/HourlyForecast.tsx(217,7): error TS17004: Cannot use JSX unless the '--jsx' flag is provided.
src/components/ui/HourlyForecast.tsx(219,9): error TS17004: Cannot use JSX unless the '--jsx' flag is provided.
src/components/ui/HourlyForecast.tsx(228,11): error TS17004: Cannot use JSX unless the '--jsx' flag is provided.
src/components/ui/HourlyForecast.tsx(232,9): error TS17004: Cannot use JSX unless the '--jsx' flag is provided.
src/components/ui/HourlyForecast.tsx(241,11): error TS17004: Cannot use JSX unless the '--jsx' flag is provided.
src/components/ui/HourlyForecast.tsx(245,9): error TS17004: Cannot use JSX unless the '--jsx' flag is provided.
src/components/ui/HourlyForecast.tsx(250,22): error TS7006: Parameter 'forecast' implicitly has an 'any' type.
src/components/ui/HourlyForecast.tsx(250,32): error TS7006: Parameter 'index' implicitly has an 'any' type.
src/components/ui/HourlyForecast.tsx(251,13): error TS17004: Cannot use JSX unless the '--jsx' flag is provided.
src/components/ui/index.ts(3,35): error TS6142: Module './Button' was resolved to 'E:/trae/WeatherDuck/src/components/ui/Button.tsx', but '--jsx' is not set.
src/components/ui/index.ts(4,33): error TS6142: Module './Card' was resolved to 'E:/trae/WeatherDuck/src/components/ui/Card.tsx', but '--jsx' is not set.
src/components/ui/index.ts(5,43): error TS6142: Module './LoadingSpinner' was resolved to 'E:/trae/WeatherDuck/src/components/ui/LoadingSpinner.tsx', but '--jsx' is not set.
src/components/ui/index.ts(6,41): error TS6142: Module './ForecastCard' was resolved to 'E:/trae/WeatherDuck/src/components/ui/ForecastCard.tsx', but '--jsx' is not set.
src/components/ui/index.ts(7,50): error TS6142: Module './WeatherAlert' was resolved to 'E:/trae/WeatherDuck/src/components/ui/WeatherAlert.tsx', but '--jsx' is not set.
src/components/ui/index.ts(8,42): error TS6142: Module './SettingsPanel' was resolved to 'E:/trae/WeatherDuck/src/components/ui/SettingsPanel.tsx', but '--jsx' is not set.
src/components/ui/index.ts(9,43): error TS6142: Module './LocationSearch' was resolved to 'E:/trae/WeatherDuck/src/components/ui/LocationSearch.tsx', but '--jsx' is not set.
src/components/ui/index.ts(10,52): error TS6142: Module './HourlyForecast' was resolved to 'E:/trae/WeatherDuck/src/components/ui/HourlyForecast.tsx', but '--jsx' is not set.
src/components/ui/index.ts(11,34): error TS6142: Module './Modal' was resolved to 'E:/trae/WeatherDuck/src/components/ui/Modal.tsx', but '--jsx' is not set.
src/components/ui/index.ts(14,34): error TS6142: Module './Button' was resolved to 'E:/trae/WeatherDuck/src/components/ui/Button.tsx', but '--jsx' is not set.
src/components/ui/Input.tsx(1,8): error TS1259: Module '"E:/trae/WeatherDuck/node_modules/@types/react/index"' can only be default-imported using the 'esModuleInterop' flag
src/components/ui/Input.tsx(50,5): error TS17004: Cannot use JSX unless the '--jsx' flag is provided.
src/components/ui/Input.tsx(52,9): error TS17004: Cannot use JSX unless the '--jsx' flag is provided.
src/components/ui/Input.tsx(60,24): error TS17004: Cannot use JSX unless the '--jsx' flag is provided.
src/components/ui/Input.tsx(64,7): error TS17004: Cannot use JSX unless the '--jsx' flag is provided.
src/components/ui/Input.tsx(83,9): error TS17004: Cannot use JSX unless the '--jsx' flag is provided.
src/components/ui/Input.tsx(92,9): error TS17004: Cannot use JSX unless the '--jsx' flag is provided.
src/components/ui/LoadingSpinner.tsx(1,8): error TS1259: Module '"E:/trae/WeatherDuck/node_modules/@types/react/index"' can only be default-imported using the 'esModuleInterop' flag
src/components/ui/LoadingSpinner.tsx(7,3): error TS7031: Binding element 'color' implicitly has an 'any' type.
src/components/ui/LoadingSpinner.tsx(8,3): error TS7031: Binding element 'className' implicitly has an 'any' type.
src/components/ui/LoadingSpinner.tsx(9,3): error TS7031: Binding element 'testId' implicitly has an 'any' type.
src/components/ui/LoadingSpinner.tsx(20,5): error TS17004: Cannot use JSX unless the '--jsx' flag is provided.
src/components/ui/LoadingSpinner.tsx(24,7): error TS17004: Cannot use JSX unless the '--jsx' flag is provided.
src/components/ui/LoadingSpinner.tsx(27,11): error TS7053: Element implicitly has an 'any' type because expression of type 'string' can't be used to index type '{ small: string; medium: string; large: string; }'.
  No index signature with a parameter of type 'string' was found on type '{ small: string; medium: string; large: string; }'.
src/components/ui/LoadingSpinner.tsx(34,9): error TS17004: Cannot use JSX unless the '--jsx' flag is provided.
src/components/ui/LoadingSpinner.tsx(42,9): error TS17004: Cannot use JSX unless the '--jsx' flag is provided.
src/components/ui/LocationSearch.tsx(1,8): error TS1259: Module '"E:/trae/WeatherDuck/node_modules/@types/react/index"' can only be default-imported using the 'esModuleInterop' flag
src/components/ui/LocationSearch.tsx(36,3): error TS7031: Binding element 'location' implicitly has an 'any' type.
src/components/ui/LocationSearch.tsx(37,3): error TS7031: Binding element 'onClick' implicitly has an 'any' type.
src/components/ui/LocationSearch.tsx(38,3): error TS7031: Binding element 'onFavoriteToggle' implicitly has an 'any' type.
src/components/ui/LocationSearch.tsx(42,3): error TS17004: Cannot use JSX unless the '--jsx' flag is provided.
src/components/ui/LocationSearch.tsx(49,5): error TS17004: Cannot use JSX unless the '--jsx' flag is provided.
src/components/ui/LocationSearch.tsx(50,7): error TS17004: Cannot use JSX unless the '--jsx' flag is provided.
src/components/ui/LocationSearch.tsx(51,7): error TS17004: Cannot use JSX unless the '--jsx' flag is provided.
src/components/ui/LocationSearch.tsx(52,9): error TS17004: Cannot use JSX unless the '--jsx' flag is provided.
src/components/ui/LocationSearch.tsx(55,9): error TS17004: Cannot use JSX unless the '--jsx' flag is provided.
src/components/ui/LocationSearch.tsx(62,7): error TS17004: Cannot use JSX unless the '--jsx' flag is provided.
src/components/ui/LocationSearch.tsx(70,11): error TS17004: Cannot use JSX unless the '--jsx' flag is provided.
src/components/ui/LocationSearch.tsx(72,11): error TS17004: Cannot use JSX unless the '--jsx' flag is provided.
src/components/ui/LocationSearch.tsx(82,9): error TS7031: Binding element 'title' implicitly has an 'any' type.
src/components/ui/LocationSearch.tsx(82,16): error TS7031: Binding element 'icon' implicitly has an 'any' type.
src/components/ui/LocationSearch.tsx(83,3): error TS17004: Cannot use JSX unless the '--jsx' flag is provided.
src/components/ui/LocationSearch.tsx(85,5): error TS17004: Cannot use JSX unless the '--jsx' flag is provided.
src/components/ui/LocationSearch.tsx(90,3): error TS7031: Binding element 'onLocationSelect' implicitly has an 'any' type.
src/components/ui/LocationSearch.tsx(91,3): error TS7031: Binding element 'onSearch' implicitly has an 'any' type.
src/components/ui/LocationSearch.tsx(93,3): error TS7031: Binding element 'className' implicitly has an 'any' type.
src/components/ui/LocationSearch.tsx(96,3): error TS7031: Binding element 'onAddToFavorites' implicitly has an 'any' type.
src/components/ui/LocationSearch.tsx(97,3): error TS7031: Binding element 'onRemoveFromFavorites' implicitly has an 'any' type.
src/components/ui/LocationSearch.tsx(99,3): error TS7031: Binding element 'onCurrentLocationClick' implicitly has an 'any' type.
src/components/ui/LocationSearch.tsx(157,23): error TS2812: Property 'blur' does not exist on type 'HTMLInputElement'. Try changing the 'lib' compiler option to include 'dom'.
src/components/ui/LocationSearch.tsx(165,23): error TS2812: Property 'focus' does not exist on type 'HTMLInputElement'. Try changing the 'lib' compiler option to include 'dom'.
src/components/ui/LocationSearch.tsx(171,11): error TS2339: Property 'lat' does not exist on type 'never'.
src/components/ui/LocationSearch.tsx(171,39): error TS2339: Property 'lon' does not exist on type 'never'.
src/components/ui/LocationSearch.tsx(187,57): error TS2812: Property 'contains' does not exist on type 'HTMLDivElement'. Try changing the 'lib' compiler option to include 'dom'.
src/components/ui/LocationSearch.tsx(187,82): error TS2304: Cannot find name 'Node'.
src/components/ui/LocationSearch.tsx(192,5): error TS2584: Cannot find name 'document'. Do you need to change your target library? Try changing the 'lib' compiler option to include 'dom'.
src/components/ui/LocationSearch.tsx(193,18): error TS2584: Cannot find name 'document'. Do you need to change your target library? Try changing the 'lib' compiler option to include 'dom'.
src/components/ui/LocationSearch.tsx(213,5): error TS17004: Cannot use JSX unless the '--jsx' flag is provided.
src/components/ui/LocationSearch.tsx(215,7): error TS17004: Cannot use JSX unless the '--jsx' flag is provided.
src/components/ui/LocationSearch.tsx(216,9): error TS17004: Cannot use JSX unless the '--jsx' flag is provided.
src/components/ui/LocationSearch.tsx(217,11): error TS17004: Cannot use JSX unless the '--jsx' flag is provided.
src/components/ui/LocationSearch.tsx(220,9): error TS17004: Cannot use JSX unless the '--jsx' flag is provided.
src/components/ui/LocationSearch.tsx(238,11): error TS17004: Cannot use JSX unless the '--jsx' flag is provided.
src/components/ui/LocationSearch.tsx(242,13): error TS17004: Cannot use JSX unless the '--jsx' flag is provided.
src/components/ui/LocationSearch.tsx(248,11): error TS17004: Cannot use JSX unless the '--jsx' flag is provided.
src/components/ui/LocationSearch.tsx(249,13): error TS17004: Cannot use JSX unless the '--jsx' flag is provided.
src/components/ui/LocationSearch.tsx(255,7): error TS17004: Cannot use JSX unless the '--jsx' flag is provided.
src/components/ui/LocationSearch.tsx(257,11): error TS17004: Cannot use JSX unless the '--jsx' flag is provided.
src/components/ui/LocationSearch.tsx(268,15): error TS17004: Cannot use JSX unless the '--jsx' flag is provided.
src/components/ui/LocationSearch.tsx(269,17): error TS17004: Cannot use JSX unless the '--jsx' flag is provided.
src/components/ui/LocationSearch.tsx(271,25): error TS17004: Cannot use JSX unless the '--jsx' flag is provided.
src/components/ui/LocationSearch.tsx(273,17): error TS17004: Cannot use JSX unless the '--jsx' flag is provided.
src/components/ui/LocationSearch.tsx(277,19): error TS17004: Cannot use JSX unless the '--jsx' flag is provided.
src/components/ui/LocationSearch.tsx(278,19): error TS17004: Cannot use JSX unless the '--jsx' flag is provided.
src/components/ui/LocationSearch.tsx(287,15): error TS17004: Cannot use JSX unless the '--jsx' flag is provided.
src/components/ui/LocationSearch.tsx(288,17): error TS17004: Cannot use JSX unless the '--jsx' flag is provided.
src/components/ui/LocationSearch.tsx(290,25): error TS17004: Cannot use JSX unless the '--jsx' flag is provided.
src/components/ui/LocationSearch.tsx(293,19): error TS17004: Cannot use JSX unless the '--jsx' flag is provided.
src/components/ui/LocationSearch.tsx(294,42): error TS2339: Property 'id' does not exist on type 'never'.
src/components/ui/LocationSearch.tsx(307,15): error TS17004: Cannot use JSX unless the '--jsx' flag is provided.
src/components/ui/LocationSearch.tsx(308,17): error TS17004: Cannot use JSX unless the '--jsx' flag is provided.
src/components/ui/LocationSearch.tsx(310,25): error TS17004: Cannot use JSX unless the '--jsx' flag is provided.
src/components/ui/LocationSearch.tsx(313,19): error TS17004: Cannot use JSX unless the '--jsx' flag is provided.
src/components/ui/LocationSearch.tsx(314,45): error TS2339: Property 'id' does not exist on type 'never'.
src/components/ui/LocationSearch.tsx(327,15): error TS17004: Cannot use JSX unless the '--jsx' flag is provided.
src/components/ui/LocationSearch.tsx(329,19): error TS17004: Cannot use JSX unless the '--jsx' flag is provided.
src/components/ui/LocationSearch.tsx(333,19): error TS17004: Cannot use JSX unless the '--jsx' flag is provided.
src/components/ui/LocationSearch.tsx(334,21): error TS17004: Cannot use JSX unless the '--jsx' flag is provided.
src/components/ui/LocationSearch.tsx(336,29): error TS17004: Cannot use JSX unless the '--jsx' flag is provided.
src/components/ui/LocationSearch.tsx(339,23): error TS17004: Cannot use JSX unless the '--jsx' flag is provided.
src/components/ui/LocationSearch.tsx(350,19): error TS17004: Cannot use JSX unless the '--jsx' flag is provided.
src/components/ui/LocationSearch.tsx(362,15): error TS17004: Cannot use JSX unless the '--jsx' flag is provided.
src/components/ui/Modal.tsx(1,8): error TS1259: Module '"E:/trae/WeatherDuck/node_modules/@types/react/index"' can only be default-imported using the 'esModuleInterop' flag
src/components/ui/Modal.tsx(7,3): error TS7031: Binding element 'isOpen' implicitly has an 'any' type.
src/components/ui/Modal.tsx(8,3): error TS7031: Binding element 'onClose' implicitly has an 'any' type.
src/components/ui/Modal.tsx(9,3): error TS7031: Binding element 'title' implicitly has an 'any' type.
src/components/ui/Modal.tsx(13,3): error TS7031: Binding element 'children' implicitly has an 'any' type.
src/components/ui/Modal.tsx(14,3): error TS7031: Binding element 'className' implicitly has an 'any' type.
src/components/ui/Modal.tsx(15,3): error TS7031: Binding element 'testId' implicitly has an 'any' type.
src/components/ui/Modal.tsx(21,13): error TS2339: Property 'key' does not exist on type 'KeyboardEvent'.
src/components/ui/Modal.tsx(26,5): error TS2584: Cannot find name 'document'. Do you need to change your target library? Try changing the 'lib' compiler option to include 'dom'.
src/components/ui/Modal.tsx(27,18): error TS2584: Cannot find name 'document'. Do you need to change your target library? Try changing the 'lib' compiler option to include 'dom'.
src/components/ui/Modal.tsx(32,7): error TS2584: Cannot find name 'document'. Do you need to change your target library? Try changing the 'lib' compiler option to include 'dom'.
src/components/ui/Modal.tsx(34,7): error TS2584: Cannot find name 'document'. Do you need to change your target library? Try changing the 'lib' compiler option to include 'dom'.
src/components/ui/Modal.tsx(38,7): error TS2584: Cannot find name 'document'. Do you need to change your target library? Try changing the 'lib' compiler option to include 'dom'.
src/components/ui/Modal.tsx(58,5): error TS17004: Cannot use JSX unless the '--jsx' flag is provided.
src/components/ui/Modal.tsx(64,7): error TS17004: Cannot use JSX unless the '--jsx' flag is provided.
src/components/ui/Modal.tsx(67,7): error TS17004: Cannot use JSX unless the '--jsx' flag is provided.
src/components/ui/Modal.tsx(72,11): error TS7053: Element implicitly has an 'any' type because expression of type 'string' can't be used to index type '{ small: string; medium: string; large: string; fullscreen: string; }'.
  No index signature with a parameter of type 'string' was found on type '{ small: string; medium: string; large: string; fullscreen: string; }'.
src/components/ui/Modal.tsx(78,11): error TS17004: Cannot use JSX unless the '--jsx' flag is provided.
src/components/ui/Modal.tsx(79,13): error TS17004: Cannot use JSX unless the '--jsx' flag is provided.
src/components/ui/Modal.tsx(82,13): error TS17004: Cannot use JSX unless the '--jsx' flag is provided.
src/components/ui/Modal.tsx(92,15): error TS17004: Cannot use JSX unless the '--jsx' flag is provided.
src/components/ui/Modal.tsx(98,17): error TS17004: Cannot use JSX unless the '--jsx' flag is provided.
src/components/ui/Modal.tsx(110,9): error TS17004: Cannot use JSX unless the '--jsx' flag is provided.
src/components/ui/Modal.tsx(121,37): error TS2584: Cannot find name 'document'. Do you need to change your target library? Try changing the 'lib' compiler option to include 'dom'.
src/components/ui/SettingsPanel.tsx(1,8): error TS1259: Module '"E:/trae/WeatherDuck/node_modules/@types/react/index"' can only be default-imported using the 'esModuleInterop' flag
src/components/ui/SettingsPanel.tsx(16,20): error TS6142: Module './Button' was resolved to 'E:/trae/WeatherDuck/src/components/ui/Button.tsx', but '--jsx' is not set.
src/components/ui/SettingsPanel.tsx(42,9): error TS7031: Binding element 'title' implicitly has an 'any' type.
src/components/ui/SettingsPanel.tsx(42,16): error TS7031: Binding element 'icon' implicitly has an 'any' type.
src/components/ui/SettingsPanel.tsx(42,22): error TS7031: Binding element 'children' implicitly has an 'any' type.
src/components/ui/SettingsPanel.tsx(43,3): error TS17004: Cannot use JSX unless the '--jsx' flag is provided.
src/components/ui/SettingsPanel.tsx(44,5): error TS17004: Cannot use JSX unless the '--jsx' flag is provided.
src/components/ui/SettingsPanel.tsx(46,7): error TS17004: Cannot use JSX unless the '--jsx' flag is provided.
src/components/ui/SettingsPanel.tsx(50,5): error TS17004: Cannot use JSX unless the '--jsx' flag is provided.
src/components/ui/SettingsPanel.tsx(60,9): error TS7031: Binding element 'label' implicitly has an 'any' type.
src/components/ui/SettingsPanel.tsx(60,16): error TS7031: Binding element 'description' implicitly has an 'any' type.
src/components/ui/SettingsPanel.tsx(60,29): error TS7031: Binding element 'children' implicitly has an 'any' type.
src/components/ui/SettingsPanel.tsx(61,3): error TS17004: Cannot use JSX unless the '--jsx' flag is provided.
src/components/ui/SettingsPanel.tsx(62,5): error TS17004: Cannot use JSX unless the '--jsx' flag is provided.
src/components/ui/SettingsPanel.tsx(63,7): error TS17004: Cannot use JSX unless the '--jsx' flag is provided.
src/components/ui/SettingsPanel.tsx(67,9): error TS17004: Cannot use JSX unless the '--jsx' flag is provided.
src/components/ui/SettingsPanel.tsx(72,5): error TS17004: Cannot use JSX unless the '--jsx' flag is provided.
src/components/ui/SettingsPanel.tsx(82,9): error TS7031: Binding element 'checked' implicitly has an 'any' type.
src/components/ui/SettingsPanel.tsx(82,18): error TS7031: Binding element 'onChange' implicitly has an 'any' type.
src/components/ui/SettingsPanel.tsx(83,3): error TS17004: Cannot use JSX unless the '--jsx' flag is provided.
src/components/ui/SettingsPanel.tsx(93,5): error TS17004: Cannot use JSX unless the '--jsx' flag is provided.
src/components/ui/SettingsPanel.tsx(107,9): error TS7031: Binding element 'value' implicitly has an 'any' type.
src/components/ui/SettingsPanel.tsx(107,16): error TS7031: Binding element 'onChange' implicitly has an 'any' type.
src/components/ui/SettingsPanel.tsx(107,26): error TS7031: Binding element 'options' implicitly has an 'any' type.
src/components/ui/SettingsPanel.tsx(108,3): error TS17004: Cannot use JSX unless the '--jsx' flag is provided.
src/components/ui/SettingsPanel.tsx(110,40): error TS2339: Property 'value' does not exist on type 'EventTarget & HTMLSelectElement'.
src/components/ui/SettingsPanel.tsx(119,19): error TS7006: Parameter 'option' implicitly has an 'any' type.
src/components/ui/SettingsPanel.tsx(120,7): error TS17004: Cannot use JSX unless the '--jsx' flag is provided.
src/components/ui/SettingsPanel.tsx(135,9): error TS7031: Binding element 'value' implicitly has an 'any' type.
src/components/ui/SettingsPanel.tsx(135,16): error TS7031: Binding element 'onChange' implicitly has an 'any' type.
src/components/ui/SettingsPanel.tsx(135,41): error TS7031: Binding element 'placeholder' implicitly has an 'any' type.
src/components/ui/SettingsPanel.tsx(135,72): error TS7031: Binding element 'min' implicitly has an 'any' type.
src/components/ui/SettingsPanel.tsx(135,77): error TS7031: Binding element 'max' implicitly has an 'any' type.
src/components/ui/SettingsPanel.tsx(136,3): error TS17004: Cannot use JSX unless the '--jsx' flag is provided.
src/components/ui/SettingsPanel.tsx(139,40): error TS2339: Property 'value' does not exist on type 'EventTarget & HTMLInputElement'.
src/components/ui/SettingsPanel.tsx(154,3): error TS7031: Binding element 'isOpen' implicitly has an 'any' type.
src/components/ui/SettingsPanel.tsx(155,3): error TS7031: Binding element 'onClose' implicitly has an 'any' type.
src/components/ui/SettingsPanel.tsx(156,3): error TS7031: Binding element 'settings' implicitly has an 'any' type.
src/components/ui/SettingsPanel.tsx(157,3): error TS7031: Binding element 'onSettingsChange' implicitly has an 'any' type.
src/components/ui/SettingsPanel.tsx(158,3): error TS7031: Binding element 'className' implicitly has an 'any' type.
src/components/ui/SettingsPanel.tsx(207,5): error TS17004: Cannot use JSX unless the '--jsx' flag is provided.
src/components/ui/SettingsPanel.tsx(209,9): error TS17004: Cannot use JSX unless the '--jsx' flag is provided.
src/components/ui/SettingsPanel.tsx(211,11): error TS17004: Cannot use JSX unless the '--jsx' flag is provided.
src/components/ui/SettingsPanel.tsx(220,11): error TS17004: Cannot use JSX unless the '--jsx' flag is provided.
src/components/ui/SettingsPanel.tsx(232,13): error TS17004: Cannot use JSX unless the '--jsx' flag is provided.
src/components/ui/SettingsPanel.tsx(233,15): error TS17004: Cannot use JSX unless the '--jsx' flag is provided.
src/components/ui/SettingsPanel.tsx(234,17): error TS17004: Cannot use JSX unless the '--jsx' flag is provided.
src/components/ui/SettingsPanel.tsx(235,19): error TS17004: Cannot use JSX unless the '--jsx' flag is provided.
src/components/ui/SettingsPanel.tsx(236,19): error TS17004: Cannot use JSX unless the '--jsx' flag is provided.
src/components/ui/SettingsPanel.tsx(240,17): error TS17004: Cannot use JSX unless the '--jsx' flag is provided.
src/components/ui/SettingsPanel.tsx(244,19): error TS17004: Cannot use JSX unless the '--jsx' flag is provided.
src/components/ui/SettingsPanel.tsx(250,13): error TS17004: Cannot use JSX unless the '--jsx' flag is provided.
src/components/ui/SettingsPanel.tsx(252,15): error TS17004: Cannot use JSX unless the '--jsx' flag is provided.
src/components/ui/SettingsPanel.tsx(254,23): error TS17004: Cannot use JSX unless the '--jsx' flag is provided.
src/components/ui/SettingsPanel.tsx(256,17): error TS17004: Cannot use JSX unless the '--jsx' flag is provided.
src/components/ui/SettingsPanel.tsx(257,19): error TS17004: Cannot use JSX unless the '--jsx' flag is provided.
src/components/ui/SettingsPanel.tsx(259,32): error TS7006: Parameter 'value' implicitly has an 'any' type.
src/components/ui/SettingsPanel.tsx(264,17): error TS17004: Cannot use JSX unless the '--jsx' flag is provided.
src/components/ui/SettingsPanel.tsx(265,19): error TS17004: Cannot use JSX unless the '--jsx' flag is provided.
src/components/ui/SettingsPanel.tsx(267,32): error TS7006: Parameter 'checked' implicitly has an 'any' type.
src/components/ui/SettingsPanel.tsx(273,15): error TS17004: Cannot use JSX unless the '--jsx' flag is provided.
src/components/ui/SettingsPanel.tsx(275,23): error TS17004: Cannot use JSX unless the '--jsx' flag is provided.
src/components/ui/SettingsPanel.tsx(277,17): error TS17004: Cannot use JSX unless the '--jsx' flag is provided.
src/components/ui/SettingsPanel.tsx(278,19): error TS17004: Cannot use JSX unless the '--jsx' flag is provided.
src/components/ui/SettingsPanel.tsx(280,32): error TS7006: Parameter 'value' implicitly has an 'any' type.
src/components/ui/SettingsPanel.tsx(287,15): error TS17004: Cannot use JSX unless the '--jsx' flag is provided.
src/components/ui/SettingsPanel.tsx(289,23): error TS17004: Cannot use JSX unless the '--jsx' flag is provided.
src/components/ui/SettingsPanel.tsx(291,17): error TS17004: Cannot use JSX unless the '--jsx' flag is provided.
src/components/ui/SettingsPanel.tsx(292,19): error TS17004: Cannot use JSX unless the '--jsx' flag is provided.
src/components/ui/SettingsPanel.tsx(294,32): error TS7006: Parameter 'value' implicitly has an 'any' type.
src/components/ui/SettingsPanel.tsx(301,15): error TS17004: Cannot use JSX unless the '--jsx' flag is provided.
src/components/ui/SettingsPanel.tsx(303,23): error TS17004: Cannot use JSX unless the '--jsx' flag is provided.
src/components/ui/SettingsPanel.tsx(305,17): error TS17004: Cannot use JSX unless the '--jsx' flag is provided.
src/components/ui/SettingsPanel.tsx(306,19): error TS17004: Cannot use JSX unless the '--jsx' flag is provided.
src/components/ui/SettingsPanel.tsx(308,32): error TS7006: Parameter 'checked' implicitly has an 'any' type.
src/components/ui/SettingsPanel.tsx(312,17): error TS17004: Cannot use JSX unless the '--jsx' flag is provided.
src/components/ui/SettingsPanel.tsx(313,19): error TS17004: Cannot use JSX unless the '--jsx' flag is provided.
src/components/ui/SettingsPanel.tsx(315,32): error TS7006: Parameter 'value' implicitly has an 'any' type.
src/components/ui/SettingsPanel.tsx(323,15): error TS17004: Cannot use JSX unless the '--jsx' flag is provided.
src/components/ui/SettingsPanel.tsx(325,23): error TS17004: Cannot use JSX unless the '--jsx' flag is provided.
src/components/ui/SettingsPanel.tsx(327,17): error TS17004: Cannot use JSX unless the '--jsx' flag is provided.
src/components/ui/SettingsPanel.tsx(328,19): error TS17004: Cannot use JSX unless the '--jsx' flag is provided.
src/components/ui/SettingsPanel.tsx(330,32): error TS7006: Parameter 'checked' implicitly has an 'any' type.
src/components/ui/SettingsPanel.tsx(334,17): error TS17004: Cannot use JSX unless the '--jsx' flag is provided.
src/components/ui/SettingsPanel.tsx(335,19): error TS17004: Cannot use JSX unless the '--jsx' flag is provided.
src/components/ui/SettingsPanel.tsx(337,32): error TS7006: Parameter 'checked' implicitly has an 'any' type.
src/components/ui/SettingsPanel.tsx(344,15): error TS17004: Cannot use JSX unless the '--jsx' flag is provided.
src/components/ui/SettingsPanel.tsx(346,23): error TS17004: Cannot use JSX unless the '--jsx' flag is provided.
src/components/ui/SettingsPanel.tsx(348,17): error TS17004: Cannot use JSX unless the '--jsx' flag is provided.
src/components/ui/SettingsPanel.tsx(349,19): error TS17004: Cannot use JSX unless the '--jsx' flag is provided.
src/components/ui/SettingsPanel.tsx(351,32): error TS7006: Parameter 'value' implicitly has an 'any' type.
src/components/ui/SettingsPanel.tsx(360,15): error TS17004: Cannot use JSX unless the '--jsx' flag is provided.
src/components/ui/SettingsPanel.tsx(365,17): error TS17004: Cannot use JSX unless the '--jsx' flag is provided.
src/components/ui/SettingsPanel.tsx(366,19): error TS17004: Cannot use JSX unless the '--jsx' flag is provided.
src/components/ui/SettingsPanel.tsx(370,21): error TS17004: Cannot use JSX unless the '--jsx' flag is provided.
src/components/ui/SettingsPanel.tsx(373,19): error TS17004: Cannot use JSX unless the '--jsx' flag is provided.
src/components/ui/SettingsPanel.tsx(378,21): error TS17004: Cannot use JSX unless the '--jsx' flag is provided.
src/components/ui/WeatherAlert.tsx(1,8): error TS1259: Module '"E:/trae/WeatherDuck/node_modules/@types/react/index"' can only be default-imported using the 'esModuleInterop' flag
src/components/ui/WeatherAlert.tsx(16,69): error TS7031: Binding element 'severity' implicitly has an 'any' type.
src/components/ui/WeatherAlert.tsx(36,10): error TS17004: Cannot use JSX unless the '--jsx' flag is provided.
src/components/ui/WeatherAlert.tsx(44,9): error TS7031: Binding element 'alert' implicitly has an 'any' type.
src/components/ui/WeatherAlert.tsx(44,16): error TS7031: Binding element 'index' implicitly has an 'any' type.
src/components/ui/WeatherAlert.tsx(44,23): error TS7031: Binding element 'onDismiss' implicitly has an 'any' type.
src/components/ui/WeatherAlert.tsx(44,34): error TS7031: Binding element 'showDetails' implicitly has an 'any' type.
src/components/ui/WeatherAlert.tsx(84,5): error TS17004: Cannot use JSX unless the '--jsx' flag is provided.
src/components/ui/WeatherAlert.tsx(96,9): error TS17004: Cannot use JSX unless the '--jsx' flag is provided.
src/components/ui/WeatherAlert.tsx(101,11): error TS17004: Cannot use JSX unless the '--jsx' flag is provided.
src/components/ui/WeatherAlert.tsx(106,7): error TS17004: Cannot use JSX unless the '--jsx' flag is provided.
src/components/ui/WeatherAlert.tsx(107,9): error TS17004: Cannot use JSX unless the '--jsx' flag is provided.
src/components/ui/WeatherAlert.tsx(108,9): error TS17004: Cannot use JSX unless the '--jsx' flag is provided.
src/components/ui/WeatherAlert.tsx(109,11): error TS17004: Cannot use JSX unless the '--jsx' flag is provided.
src/components/ui/WeatherAlert.tsx(115,11): error TS17004: Cannot use JSX unless the '--jsx' flag is provided.
src/components/ui/WeatherAlert.tsx(116,13): error TS17004: Cannot use JSX unless the '--jsx' flag is provided.
src/components/ui/WeatherAlert.tsx(123,13): error TS17004: Cannot use JSX unless the '--jsx' flag is provided.
src/components/ui/WeatherAlert.tsx(131,7): error TS17004: Cannot use JSX unless the '--jsx' flag is provided.
src/components/ui/WeatherAlert.tsx(140,9): error TS17004: Cannot use JSX unless the '--jsx' flag is provided.
src/components/ui/WeatherAlert.tsx(147,11): error TS17004: Cannot use JSX unless the '--jsx' flag is provided.
src/components/ui/WeatherAlert.tsx(148,13): error TS17004: Cannot use JSX unless the '--jsx' flag is provided.
src/components/ui/WeatherAlert.tsx(149,17): error TS17004: Cannot use JSX unless the '--jsx' flag is provided.
src/components/ui/WeatherAlert.tsx(150,17): error TS17004: Cannot use JSX unless the '--jsx' flag is provided.
src/components/ui/WeatherAlert.tsx(155,17): error TS17004: Cannot use JSX unless the '--jsx' flag is provided.
src/components/ui/WeatherAlert.tsx(156,19): error TS17004: Cannot use JSX unless the '--jsx' flag is provided.
src/components/ui/WeatherAlert.tsx(157,19): error TS17004: Cannot use JSX unless the '--jsx' flag is provided.
src/components/ui/WeatherAlert.tsx(166,13): error TS17004: Cannot use JSX unless the '--jsx' flag is provided.
src/components/ui/WeatherAlert.tsx(167,15): error TS17004: Cannot use JSX unless the '--jsx' flag is provided.
src/components/ui/WeatherAlert.tsx(168,15): error TS17004: Cannot use JSX unless the '--jsx' flag is provided.
src/components/ui/WeatherAlert.tsx(169,17): error TS17004: Cannot use JSX unless the '--jsx' flag is provided.
src/components/ui/WeatherAlert.tsx(170,17): error TS17004: Cannot use JSX unless the '--jsx' flag is provided.
src/components/ui/WeatherAlert.tsx(179,15): error TS17004: Cannot use JSX unless the '--jsx' flag is provided.
src/components/ui/WeatherAlert.tsx(180,17): error TS17004: Cannot use JSX unless the '--jsx' flag is provided.
src/components/ui/WeatherAlert.tsx(181,17): error TS17004: Cannot use JSX unless the '--jsx' flag is provided.
src/components/ui/WeatherAlert.tsx(193,3): error TS7031: Binding element 'alerts' implicitly has an 'any' type.
src/components/ui/WeatherAlert.tsx(194,3): error TS7031: Binding element 'className' implicitly has an 'any' type.
src/components/ui/WeatherAlert.tsx(195,3): error TS7031: Binding element 'onDismiss' implicitly has an 'any' type.
src/components/ui/WeatherAlert.tsx(206,5): error TS17004: Cannot use JSX unless the '--jsx' flag is provided.
src/components/ui/WeatherAlert.tsx(216,7): error TS17004: Cannot use JSX unless the '--jsx' flag is provided.
src/components/ui/WeatherAlert.tsx(217,9): error TS17004: Cannot use JSX unless the '--jsx' flag is provided.
src/components/ui/WeatherAlert.tsx(218,11): error TS17004: Cannot use JSX unless the '--jsx' flag is provided.
src/components/ui/WeatherAlert.tsx(221,9): error TS17004: Cannot use JSX unless the '--jsx' flag is provided.
src/components/ui/WeatherAlert.tsx(226,7): error TS17004: Cannot use JSX unless the '--jsx' flag is provided.
src/components/ui/WeatherAlert.tsx(227,9): error TS17004: Cannot use JSX unless the '--jsx' flag is provided.
src/components/ui/WeatherAlert.tsx(228,31): error TS7006: Parameter 'alert' implicitly has an 'any' type.
src/components/ui/WeatherAlert.tsx(228,38): error TS7006: Parameter 'index' implicitly has an 'any' type.
src/components/ui/WeatherAlert.tsx(229,13): error TS17004: Cannot use JSX unless the '--jsx' flag is provided.
src/components/ui/WeatherAlert.tsx(241,9): error TS17004: Cannot use JSX unless the '--jsx' flag is provided.
src/components/ui/WeatherAlert.tsx(242,11): error TS17004: Cannot use JSX unless the '--jsx' flag is provided.
src/hooks/useLocalStorage.ts(14,20): error TS2304: Cannot find name 'window'.
src/hooks/useLocalStorage.ts(27,7): error TS2304: Cannot find name 'window'.
src/hooks/useLocalStorage.ts(30,7): error TS2304: Cannot find name 'window'.
src/hooks/useLocalStorage.ts(41,7): error TS2304: Cannot find name 'window'.
src/hooks/useLocalStorage.ts(45,7): error TS2304: Cannot find name 'window'.
src/hooks/useLocalStorage.ts(55,37): error TS2304: Cannot find name 'StorageEvent'.
src/hooks/useLocalStorage.ts(69,5): error TS2304: Cannot find name 'window'.
src/hooks/useLocalStorage.ts(71,5): error TS2304: Cannot find name 'window'.
src/hooks/useLocalStorage.ts(71,68): error TS2304: Cannot find name 'EventListener'.
src/hooks/useLocalStorage.ts(74,7): error TS2304: Cannot find name 'window'.
src/hooks/useLocalStorage.ts(75,7): error TS2304: Cannot find name 'window'.
src/hooks/useLocalStorage.ts(75,73): error TS2304: Cannot find name 'EventListener'.
src/hooks/usePlatform.ts(19,14): error TS2304: Cannot find name 'window'.
src/hooks/usePlatform.ts(20,7): error TS2304: Cannot find name 'window'.
src/hooks/usePlatform.ts(30,25): error TS2304: Cannot find name 'window'.
src/hooks/usePlatform.ts(30,50): error TS2304: Cannot find name 'window'.
src/hooks/usePlatform.ts(76,7): error TS2304: Cannot find name 'window'.
src/hooks/usePlatform.ts(84,7): error TS2304: Cannot find name 'window'.
src/hooks/usePlatform.ts(90,7): error TS2584: Cannot find name 'document'. Do you need to change your target library? Try changing the 'lib' compiler option to include 'dom'.
src/hooks/usePlatform.ts(98,7): error TS2584: Cannot find name 'document'. Do you need to change your target library? Try changing the 'lib' compiler option to include 'dom'.
src/hooks/useTheme.ts(15,16): error TS2304: Cannot find name 'window'.
src/hooks/useTheme.ts(16,12): error TS2304: Cannot find name 'window'.
src/hooks/useTheme.ts(21,18): error TS2584: Cannot find name 'document'. Do you need to change your target library? Try changing the 'lib' compiler option to include 'dom'.
src/hooks/useTheme.ts(55,16): error TS2304: Cannot find name 'window'.
src/hooks/useTheme.ts(57,24): error TS2304: Cannot find name 'window'.
src/index.ts(17,29): error TS1343: The 'import.meta' meta-property is only allowed when the '--module' option is 'es2020', 'es2022', 'esnext', 'system', 'node16', 'node18', 'node20', or 'nodenext'.
src/main/main.ts(3,8): error TS1259: Module '"node:path"' can only be default-imported using the 'esModuleInterop' flag
src/main/main.ts(4,8): error TS1192: Module '"node:os"' has no default export.
src/main/main.ts(7,46): error TS1343: The 'import.meta' meta-property is only allowed when the '--module' option is 'es2020', 'es2022', 'esnext', 'system', 'node16', 'node18', 'node20', or 'nodenext'.
src/main/preload.ts(24,30): error TS2304: Cannot find name 'DocumentReadyState'.
src/main/preload.ts(26,28): error TS2584: Cannot find name 'document'. Do you need to change your target library? Try changing the 'lib' compiler option to include 'dom'.
src/main/preload.ts(29,7): error TS2584: Cannot find name 'document'. Do you need to change your target library? Try changing the 'lib' compiler option to include 'dom'.
src/main/preload.ts(30,32): error TS2584: Cannot find name 'document'. Do you need to change your target library? Try changing the 'lib' compiler option to include 'dom'.
src/main/preload.ts(40,28): error TS2812: Property 'children' does not exist on type 'HTMLElement'. Try changing the 'lib' compiler option to include 'dom'.
src/main/preload.ts(41,21): error TS2812: Property 'appendChild' does not exist on type 'HTMLElement'. Try changing the 'lib' compiler option to include 'dom'.
src/main/preload.ts(45,27): error TS2812: Property 'children' does not exist on type 'HTMLElement'. Try changing the 'lib' compiler option to include 'dom'.
src/main/preload.ts(46,21): error TS2812: Property 'removeChild' does not exist on type 'HTMLElement'. Try changing the 'lib' compiler option to include 'dom'.
src/main/preload.ts(72,25): error TS2584: Cannot find name 'document'. Do you need to change your target library? Try changing the 'lib' compiler option to include 'dom'.
src/services/WeatherService.ts(24,27): error TS2304: Cannot find name 'window'.
src/services/WeatherService.ts(25,10): error TS1343: The 'import.meta' meta-property is only allowed when the '--module' option is 'es2020', 'es2022', 'esnext', 'system', 'node16', 'node18', 'node20', or 'nodenext'.
src/services/WeatherService.ts(27,28): error TS2304: Cannot find name 'window'.
src/services/WeatherService.ts(28,10): error TS1343: The 'import.meta' meta-property is only allowed when the '--module' option is 'es2020', 'es2022', 'esnext', 'system', 'node16', 'node18', 'node20', or 'nodenext'.
